{
  "TestCollection": [
    {
      "_id": "$anyObject()",
      "localDate": "$eqLocalDateValue(unparsable_local_date)"
    }
  ]
}