{
  "TestCollection": [
    {
      "_id": "$anyObject()",
      "date": "$anyDate()",
      "localDate": "$anyDate()",
      "time": "$anyDate()",
      "localDateTime": "$anyDate()",
      "stringField": "some-string"
    }
  ]
}