{
  "Account": [
    {
      "_id": "$anyObject()",
      "firstName": "testFirstName1",
      "secondName": "testSecondName1",
      "confirmed": true
    },
    {
      "_id": "$anyObject()",
      "firstName": "$anyString()",
      "secondName": "testSecondName2",
      "confirmed": false
    },
    {
      "_id": "$anyObject()",
      "firstName": "testFirstName3",
      "secondName": "testSecondName3",
      "confirmed": true
    },
    {
      "_id": "$anyObject()",
      "firstName": "testFirstName4",
      "secondName": "$anyString()",
      "confirmed": true
    },
    {
      "_id": "$anyObject()",
      "firstName": "testFirstName5",
      "secondName": "testSecondName5",
      "confirmed": true
    }
  ]
}


