{
  "TestCollection": [
    {
      "_id": "$anyObject()",
      "email": " $anyString()",
      "firstName": "firstName"
    }
  ]
}


