{
  "Account": [
    {
      "_id": "$anyObject()",
      "email": "$anyString()"
    }
  ]
}