{
    "col1": [
        {
            "field": 1
        }
    ]
}