{
  "test": [
    {
      "name": "asd",
      "field1": 213
    },
    {
      "name": "34hserh",
      "field1": "gaer64"
    },
    {
      "name": "as47745d",
      "field1": 5234353
    }
  ]
}