{
  "test": [
    {
      "name": "asd",
      "field1": 213
    },
    {
      "name": "$anyString()",
      "field1": "gaer64"
    },
    {
      "name": "$anyString(as47745d)",
      "field1": 5234353
    }
  ]
}