{
  "TestCollection": [
    {
      "_id": "$anyObject()",
      "localDateTime": "$eqLocalDateTimeValue(unparsable_local_date_time)"
    }
  ]
}