{
  "Vocabulary": [
    {
      "_id": "$anyObject()",
      "complexObj": "$anyObject(3)"
    }
  ]
}