{
  "TestCollection": [
    {
      "_id": "$anyObject()",
      "firstName": "firstName1"
    },
    {
      "_id": "$anyObject()",
      "firstName": "firstName2"
    }
  ]
}