{
  "TestCollection": [
    {
      "_id": "$anyObject()",
      "fieldLongValue": "$eqLongValue(12345623534)"
    }
  ]
}


