{
  "TestCollection": [
    {
      "_id": "$anyObject()",
      "fieldLongValue": "$anyLongValue()"
    }
  ]
}


