{
  "Collection": [
    {
      "stringField": "Value1",
      "intField": 1,
      "booleanField": true,
      "subObjectField": "$anyObject()",
      "subObjectField2": {
        "subObjectField2": {
          "field1": "value1",
          "field2": 2
        },
        "field1": "$anyString()",
        "unexpectedField": "value"
      }
    }
  ]
}