{
  "TestCollection": [
    {
      "_id": "$anyObject()",
      "emails": [
        "$anyString()",
        "second@email.com"
      ],
      "firstName": "firstName"
    }
  ]
}


