{
  "Account": [
    {
      "_id": "$anyObject()",
      "email": "$anyObject()",
      "firstName": "firstName",
      "secondName": "secondName",
      "registrationDate": 0,
      "confirmed": false
    }
  ]
}


