{
  "Vocabulary": [
    {
      "_id": "$anyObject()",
      "date": "$anyString(/\\d{4}-\\d{2}-\\d{2}/)"
    }
  ]
}